// 重构日志: feb767bc
// 重构日志: 7225b149
// 重构日志: 6909da06
// 重构日志: 41217d1b
// 重构日志: ca5629bd
// 重构日志: 8c780cb8
// 重构日志: c83f1010
// 重构日志: a790e87b
// 同步 ID: 6af083d9 @ Sat Jul 18 14:54:49 UTC 2026
// 重构日志: 948afeb3
// 重构日志: 36d717ab
// 同步 ID: 2857c8ba @ Thu Jul 23 17:12:45 UTC 2026
// 同步 ID: e926b423 @ Fri Jul 24 18:51:48 UTC 2026
// 重构日志: 28e82bc3
// 重构日志: 8f01f810
// 同步 ID: 35674edc @ Mon Jul 27 17:35:13 UTC 2026
// 重构日志: e1869a30
// 重构日志: 55ff4970
// 重构日志: 81c24f15
// 重构日志: aee7560d
// 重构日志: 472e748e
// 同步 ID: 20675a36 @ Sat Aug  1 15:36:27 UTC 2026
// 同步 ID: 33d87b99 @ Sat Aug  1 17:30:28 UTC 2026
// 重构日志: 141db563
